nome = draw_input("Nome: ")
print "Ola " + nome
433
>>> input()
123
123
>>> x = input
>>> x = input()
123456
>>> x = raw_put()
Traceback (most recent call last):
  File "<stdin>", line 1, in <module>
NameError: name 'raw_put' is not defined
>>> x = raw_input()
gfsajfgdgfjdsgfhdsgfhdsgfsdfh
>>> x
'gfsajfgdgfjdsgfhdsgfhdsgfsdfh'
>>> quit
Use quit() or Ctrl-D (i.e. EOF) to exit
>>> quit()
administrador@OptiPlex-790 ~/BOINC $ gedit prog1.py
administrador@OptiPlex-790 ~/BOINC $ pythin prog1.py 
No command 'pythin' found, did you mean:
 Command 'python' from package 'python-minimal' (main)
pythin: command not found
administrador@OptiPlex-790 ~/BOINC $ python prog1.py 
  File "prog1.py", line 4
SyntaxError: Non-ASCII character '\xc3' in file prog1.py on line 4, but no encoding declared; see http://www.python.org/peps/pep-0263.html for details
administrador@OptiPlex-790 ~/BOINC $ python prog1.py 
  File "prog1.py", line 4
SyntaxError: Non-ASCII character '\xc3' in file prog1.py on line 4, but no encoding declared; see http://www.python.org/peps/pep-0263.html for details
administrador@OptiPlex-790 ~/BOINC $ gedit prog1.py
administrador@OptiPlex-790 ~/BOINC $ python prog1.py 
  File "prog1.py", line 4
SyntaxError: Non-ASCII character '\xc3' in file prog1.py on line 4, but no encoding declared; see http://www.python.org/peps/pep-0263.html for details
administrador@OptiPlex-790 ~/BOINC $ rm -r pro
prog1.py  projects/ 
administrador@OptiPlex-790 ~/BOINC $ rm -r pro
prog1.py  projects/ 
administrador@OptiPlex-790 ~/BOINC $ rm -r prog1.py 
administrador@OptiPlex-790 ~/BOINC $ cd ..
administrador@OptiPlex-790 ~ $ vim prog1.py
administrador@OptiPlex-790 ~ $ pythno prog1.py
No command 'pythno' found, did you mean:
 Command 'python' from package 'python-minimal' (main)
pythno: command not found
administrador@OptiPlex-790 ~ $ python prog1.py
  File "prog1.py", line 2
SyntaxError: Non-ASCII character '\xc3' in file prog1.py on line 2, but no encoding declared; see http://www.python.org/peps/pep-0263.html for details
administrador@OptiPlex-790 ~ $ vim prog1.py
administrador@OptiPlex-790 ~ $ python prog1.py
  File "prog1.py", line 2
SyntaxError: Non-ASCII character '\xc3' in file prog1.py on line 2, but no encoding declared; see http://www.python.org/peps/pep-0263.html for details
administrador@OptiPlex-790 ~ $ gedit prog1.py 
administrador@OptiPlex-790 ~ $ python prog1.py
Traceback (most recent call last):
  File "prog1.py", line 1, in <module>
    nome = draw_input("Nome: ")
NameError: name 'draw_input' is not defined
administrador@OptiPlex-790 ~ $ gedit prog1.py 
administrador@OptiPlex-790 ~ $ gedit prog1.py &
[1] 2828
administrador@OptiPlex-790 ~ $ python
Python 2.7.3 (default, Aug  1 2012, 05:14:39) 
[GCC 4.6.3] on linux2
Type "help", "copyright", "credits" or "license" for more information.
>>> quit()
administrador@OptiPlex-790 ~ $ ^C
administrador@OptiPlex-790 ~ $
